<area shape="rect" href="$classCEGUI_1_1WindowRenderer.html" title="Base&#45;class for the assignable WindowRenderer object." alt="" coords="7,284,180,311">
<area shape="rect" href="$classCEGUI_1_1EditboxWindowRenderer.html" title="Base class for the EditboxWindowRenderer class." alt="" coords="257,6,479,32">
<area shape="rect" href="$classCEGUI_1_1ItemEntryWindowRenderer.html" title="Base class for ItemEntry window renderer objects." alt="" coords="251,56,485,83">
<area shape="rect" href="$classCEGUI_1_1ItemListBaseWindowRenderer.html" title="Base class for ItemListBase window renderer." alt="" coords="240,107,496,134">
<area shape="rect" href="$classCEGUI_1_1ListboxWindowRenderer.html" title="Base class for Listbox window renderer." alt="" coords="259,158,477,184">
<area shape="rect" href="$classCEGUI_1_1ListHeaderWindowRenderer.html" title="Base class for the multi column list header window renderer." alt="" coords="247,208,489,235">
<area shape="rect" href="$classCEGUI_1_1MultiColumnListWindowRenderer.html" title="Base class for the multi column list window renderer." alt="" coords="231,259,505,286">
<area shape="rect" href="$classCEGUI_1_1MultiLineEditboxWindowRenderer.html" title="Base class for multi&#45;line edit box window renderer objects." alt="" coords="229,310,507,336">
<area shape="rect" href="$classCEGUI_1_1ScrollablePaneWindowRenderer.html" title="Base class for ScrollablePane window renderer objects." alt="" coords="235,360,501,387">
<area shape="rect" href="$classCEGUI_1_1ScrollbarWindowRenderer.html" title="Base class for ItemEntry window renderer objects." alt="" coords="253,411,483,438">
<area shape="rect" href="$classCEGUI_1_1SliderWindowRenderer.html" title="Base class for ItemEntry window renderer objects." alt="" coords="263,462,473,488">
<area shape="rect" href="$classCEGUI_1_1TabControlWindowRenderer.html" title="Base class for TabControl window renderer objects." alt="" coords="247,512,489,539">
<area shape="rect" href="$classCEGUI_1_1TooltipWindowRenderer.html" title="Base class for Tooltip window renderer objects." alt="" coords="260,563,476,590">
