<area shape="rect" href="$classCEGUI_1_1EventSet.html" title="Class that collects together a set of Event objects." alt="" coords="241,614,369,640">
<area shape="rect" href="$classCEGUI_1_1GlobalEventSet.html" title="The GlobalEventSet singleton allows you to subscribe to an event for all instances..." alt="" coords="427,512,595,539">
<area shape="rect" href="$classCEGUI_1_1MouseCursor.html" title="Class that allows access to the GUI system mouse cursor." alt="" coords="435,563,587,590">
<area shape="rect" href="$classCEGUI_1_1Renderer.html" title="Abstract class defining the interface for Renderer objects." alt="" coords="447,614,575,640">
<area shape="rect" href="$classCEGUI_1_1System.html" title="The System class is the CEGUI class that provides access to all other elements in..." alt="" coords="452,664,569,691">
<area shape="rect" href="$classCEGUI_1_1Window.html" title="An abstract base class providing common functionality and specifying the required..." alt="" coords="453,715,568,742">
<area shape="rect" href="$classCEGUI_1_1ButtonBase.html" title="Base class for all the &#39;button&#39; type widgets (push button, radio button,..." alt="" coords="669,82,813,108">
<area shape="rect" href="$classCEGUI_1_1ClippedContainer.html" title="Helper container window that has configurable clipping. Used by the ItemListbox widget..." alt="" coords="652,132,831,159">
<area shape="rect" href="$classCEGUI_1_1Combobox.html" title="Base class for the Combobox widget." alt="" coords="672,183,811,210">
<area shape="rect" href="$classCEGUI_1_1DragContainer.html" title="Generic drag &amp; drop enabled window class." alt="" coords="660,234,823,260">
<area shape="rect" href="$classCEGUI_1_1Editbox.html" title="Base class for an Editbox widget." alt="" coords="684,284,799,311">
<area shape="rect" href="$classCEGUI_1_1FrameWindow.html" title="Abstract base class for a movable, sizable, window with a title&#45;bar and a frame." alt="" coords="663,335,820,362">
<area shape="rect" href="$classCEGUI_1_1GroupBox.html" title="Base class for standard GroupBox widget." alt="" coords="676,386,807,412">
<area shape="rect" href="$classCEGUI_1_1GUISheet.html" title="Window class intended to be used as a simple, generic Window." alt="" coords="676,436,807,463">
<area shape="rect" href="$classCEGUI_1_1ItemEntry.html" title="Base class for item type widgets." alt="" coords="676,487,807,514">
<area shape="rect" href="$classCEGUI_1_1ItemListBase.html" title="Base class for item list widgets." alt="" coords="665,538,817,564">
<area shape="rect" href="$classCEGUI_1_1Listbox.html" title="Base class for standard Listbox widget." alt="" coords="684,588,799,615">
<area shape="rect" href="$classCEGUI_1_1ListHeader.html" title="Base class for the multi column list header widget." alt="" coords="672,639,811,666">
<area shape="rect" href="$classCEGUI_1_1ListHeaderSegment.html" title="Base class for list header segment window." alt="" coords="643,690,840,716">
<area shape="rect" href="$classCEGUI_1_1MultiColumnList.html" title="Base class for the multi column list widget." alt="" coords="656,740,827,767">
<area shape="rect" href="$classCEGUI_1_1MultiLineEditbox.html" title="Base class for the multi&#45;line edit box widget." alt="" coords="656,791,827,818">
<area shape="rect" href="$classCEGUI_1_1ProgressBar.html" title="Base class for progress bars." alt="" coords="668,842,815,868">
<area shape="rect" href="$classCEGUI_1_1ScrollablePane.html" title="Base class for the ScrollablePane widget." alt="" coords="660,892,823,919">
<area shape="rect" href="$classCEGUI_1_1Scrollbar.html" title="Base scroll bar class." alt="" coords="679,943,804,970">
<area shape="rect" href="$classCEGUI_1_1ScrolledContainer.html" title="Helper container window class which is used in the implementation of the ScrollablePane..." alt="" coords="651,994,832,1020">
<area shape="rect" href="$classCEGUI_1_1Slider.html" title="Base class for Slider widgets." alt="" coords="689,1044,793,1071">
<area shape="rect" href="$classCEGUI_1_1Spinner.html" title="Base class for the Spinner widget." alt="" coords="683,1095,800,1122">
<area shape="rect" href="$classCEGUI_1_1TabControl.html" title="Base class for standard Tab Control widget." alt="" coords="673,1146,809,1172">
<area shape="rect" href="$classCEGUI_1_1Titlebar.html" title="Class representing the title bar for Frame Windows." alt="" coords="684,1196,799,1223">
<area shape="rect" href="$classCEGUI_1_1Tooltip.html" title="Base class for Tooltip widgets." alt="" coords="687,1247,796,1274">
<area shape="rect" href="$classCEGUI_1_1Tree.html" title="Base class for standard Tree widget." alt="" coords="693,1298,789,1324">
<area shape="rect" href="$classCEGUI_1_1Checkbox.html" title="Base class providing logic for Check&#45;box widgets." alt="" coords="925,6,1056,32">
<area shape="rect" href="$classCEGUI_1_1PushButton.html" title="Base class to provide logic for push button type widgets." alt="" coords="919,56,1063,83">
<area shape="rect" href="$classCEGUI_1_1RadioButton.html" title="Base class to provide the logic for Radio Button widgets." alt="" coords="917,107,1064,134">
<area shape="rect" href="$classCEGUI_1_1TabButton.html" title="Base class for TabButtons. A TabButton based class is used internally as the button..." alt="" coords="924,158,1057,184">
<area shape="rect" href="$classCEGUI_1_1Thumb.html" title="Base class for Thumb widget." alt="" coords="1157,56,1269,83">
<area shape="rect" href="$classCEGUI_1_1MenuItem.html" title="Base class for menu items." alt="" coords="924,462,1057,488">
<area shape="rect" href="$classCEGUI_1_1MenuBase.html" title="Abstract base class for menus." alt="" coords="923,512,1059,539">
<area shape="rect" href="$classCEGUI_1_1ScrolledItemListBase.html" title="ScrolledItemListBase window class." alt="" coords="889,563,1092,590">
<area shape="rect" href="$classCEGUI_1_1Menubar.html" title="Base class for menu bars." alt="" coords="1151,462,1276,488">
<area shape="rect" href="$classCEGUI_1_1PopupMenu.html" title="Base class for popup menus." alt="" coords="1141,512,1285,539">
<area shape="rect" href="$classCEGUI_1_1ItemListbox.html" title="ItemListbox window class." alt="" coords="1141,563,1285,590">
<area shape="rect" href="$classCEGUI_1_1ComboDropList.html" title="Base class for the combo box drop down list. This is a specialisation of the Listbox..." alt="" coords="907,614,1075,640">
<area shape="rect" href="$classCEGUI_1_1PropertyReceiver.html" title="Dummy base class to ensure correct casting of receivers." alt="" coords="7,1019,183,1046">
<area shape="rect" href="$classCEGUI_1_1PropertySet.html" title="Class that contains a collection of Property objects." alt="" coords="233,1019,377,1046">
<area shape="rect" href="$classCEGUI_1_1Font.html" title="Class that encapsulates text rendering functionality for a typeface." alt="" coords="463,1348,559,1375">
<area shape="rect" href="$classCEGUI_1_1FreeTypeFont.html" title="Implementation of the Font class interface using the FreeType library." alt="" coords="664,1348,819,1375">
<area shape="rect" href="$classCEGUI_1_1PixmapFont.html" title="Implementation of the Font class interface using static Imageset&#39;s." alt="" coords="669,1399,813,1426">
